---
http_interactions:
- request:
    method: get
    uri: http://maps.googleapis.com/maps/api/geocode/json?address=from+phnom+penh%2C+Cambodia&language=en&sensor=false
    body:
      encoding: US-ASCII
      string: ''
    headers: {}
  response:
    status:
      code: 200
      message: OK
    headers: {}
    body:
      encoding: UTF-8
      string: '{"results":[{"geometry":{"location":{"lat":11.558831,"lng":104.917445}}}],"status":"OK"}'
    http_version: '1.1'
  recorded_at: Sun, 11 Dec 2011 07:56:08 GMT
- request:
    method: get
    uri: http://maps.googleapis.com/maps/api/geocode/json?language=en&latlng=11.558831%2C104.917445&sensor=false
    body:
      encoding: US-ASCII
      string: ''
    headers: {}
  response:
    status:
      code: 200
      message: OK
    headers: {}
    body:
      encoding: UTF-8
      string: '{"results":[{"address_components":[{"long_name":"Phnom Penh","types":["locality"]},{"short_name":"KH","types":["country"]}]}],"status":"OK"}'
    http_version: '1.1'
  recorded_at: Sun, 11 Dec 2011 07:56:08 GMT
- request:
    method: get
    uri: http://maps.googleapis.com/maps/api/geocode/json?address=FROM+PHNOM+PENH%2C+Cambodia&language=en&sensor=false
    body:
      encoding: US-ASCII
      string: ''
    headers: {}
  response:
    status:
      code: 200
      message: OK
    headers: {}
    body:
      encoding: UTF-8
      string: '{"results":[{"geometry":{"location":{"lat":11.558831,"lng":104.917445}}}],"status":"OK"}'
    http_version: '1.1'
  recorded_at: Sun, 11 Dec 2011 07:55:37 GMT
- request:
    method: get
    uri: http://maps.googleapis.com/maps/api/geocode/json?language=en&latlng=11.558831%2C104.917445&sensor=false
    body:
      encoding: US-ASCII
      string: ''
    headers: {}
  response:
    status:
      code: 200
      message: OK
    headers: {}
    body:
      encoding: UTF-8
      string: '{"results":[{"address_components":[{"long_name":"Phnom Penh","types":["locality"]},{"short_name":"KH","types":["country"]}]}],"status":"OK"}'
    http_version: '1.1'
  recorded_at: Sun, 11 Dec 2011 07:55:37 GMT
- request:
    method: get
    uri: http://maps.googleapis.com/maps/api/geocode/json?address=mok+pi+phnum+penh%2C+Cambodia&language=en&sensor=false
    body:
      encoding: US-ASCII
      string: ''
    headers: {}
  response:
    status:
      code: 200
      message: OK
    headers: {}
    body:
      encoding: UTF-8
      string: '{"results":[{"geometry":{"location":{"lat":11.558831,"lng":104.917445}}}],"status":"OK"}'
    http_version: '1.1'
  recorded_at: Sun, 11 Dec 2011 07:55:38 GMT
- request:
    method: get
    uri: http://maps.googleapis.com/maps/api/geocode/json?language=en&latlng=11.558831%2C104.917445&sensor=false
    body:
      encoding: US-ASCII
      string: ''
    headers: {}
  response:
    status:
      code: 200
      message: OK
    headers: {}
    body:
      encoding: UTF-8
      string: '{"results":[{"address_components":[{"long_name":"Phnom Penh","types":["locality"]},{"short_name":"KH","types":["country"]}]}],"status":"OK"}'
    http_version: '1.1'
  recorded_at: Sun, 11 Dec 2011 07:55:38 GMT
- request:
    method: get
    uri: http://maps.googleapis.com/maps/api/geocode/json?address=MOK+PI+PHNUM+PENH%2C+Cambodia&language=en&sensor=false
    body:
      encoding: US-ASCII
      string: ''
    headers: {}
  response:
    status:
      code: 
      message: 
    headers: {}
    body:
      encoding: UTF-8
      string: '{"results":[{"geometry":{"location":{"lat":11.558831,"lng":104.917445}}}],"status":"OK"}'
    http_version: '1.1'
  recorded_at: Sun, 11 Dec 2011 07:55:39 GMT
- request:
    method: get
    uri: http://maps.googleapis.com/maps/api/geocode/json?language=en&latlng=11.558831%2C104.917445&sensor=false
    body:
      encoding: US-ASCII
      string: ''
    headers: {}
  response:
    status:
      code: 200
      message: OK
    headers: {}
    body:
      encoding: UTF-8
      string: '{"results":[{"address_components":[{"long_name":"Phnom Penh","types":["locality"]},{"short_name":"KH","types":["country"]}]}],"status":"OK"}'
    http_version: '1.1'
  recorded_at: Sun, 11 Dec 2011 07:55:39 GMT
- request:
    method: get
    uri: http://maps.googleapis.com/maps/api/geocode/json?address=phnom+penh%2C+Cambodia&language=en&sensor=false
    body:
      encoding: US-ASCII
      string: ''
    headers: {}
  response:
    status:
      code: 
      message: 
    headers: {}
    body:
      encoding: UTF-8
      string: '{"results":[{"geometry":{"location":{"lat":11.558831,"lng":104.917445}}}],"status":"OK"}'
    http_version: '1.1'
  recorded_at: Sun, 11 Dec 2011 07:55:39 GMT
- request:
    method: get
    uri: http://maps.googleapis.com/maps/api/geocode/json?language=en&latlng=11.558831%2C104.917445&sensor=false
    body:
      encoding: US-ASCII
      string: ''
    headers: {}
  response:
    status:
      code: 200
      message: OK
    headers: {}
    body:
      encoding: UTF-8
      string: '{"results":[{"address_components":[{"long_name":"Phnom Penh","types":["locality"]},{"short_name":"KH","types":["country"]}]}],"status":"OK"}'
    http_version: '1.1'
  recorded_at: Sun, 11 Dec 2011 07:55:40 GMT
- request:
    method: get
    uri: http://maps.googleapis.com/maps/api/geocode/json?address=mok%20pi%20phnum%20penh,%20Cambodia&language=en&sensor=false
    body:
      encoding: US-ASCII
      string: ''
    headers:
      Accept-Encoding:
      - gzip;q=1.0,deflate;q=0.6,identity;q=0.3
      Accept:
      - "*/*"
      User-Agent:
      - Ruby
  response:
    status:
      code: 200
      message: OK
    headers:
      Content-Type:
      - application/json; charset=UTF-8
      Date:
      - Sun, 01 Feb 2015 09:22:28 GMT
      Expires:
      - Mon, 02 Feb 2015 09:22:28 GMT
      Cache-Control:
      - public, max-age=86400
      Access-Control-Allow-Origin:
      - "*"
      Server:
      - mafe
      X-Xss-Protection:
      - 1; mode=block
      X-Frame-Options:
      - SAMEORIGIN
      Alternate-Protocol:
      - 80:quic,p=0.02
      Accept-Ranges:
      - none
      Vary:
      - Accept-Encoding
      Transfer-Encoding:
      - chunked
    body:
      encoding: UTF-8
      string: |
        {
           "results" : [
              {
                 "address_components" : [
                    {
                       "long_name" : "Phnom Penh",
                       "short_name" : "PP",
                       "types" : [ "locality", "political" ]
                    },
                    {
                       "long_name" : "Phnom Penh",
                       "short_name" : "Phnom Penh",
                       "types" : [ "administrative_area_level_1", "political" ]
                    },
                    {
                       "long_name" : "Cambodia",
                       "short_name" : "KH",
                       "types" : [ "country", "political" ]
                    }
                 ],
                 "formatted_address" : "Phnom Penh, Cambodia",
                 "geometry" : {
                    "bounds" : {
                       "northeast" : {
                          "lat" : 11.7363275,
                          "lng" : 105.0446807
                       },
                       "southwest" : {
                          "lat" : 11.422401,
                          "lng" : 104.7127961
                       }
                    },
                    "location" : {
                       "lat" : 11.5448729,
                       "lng" : 104.8921668
                    },
                    "location_type" : "APPROXIMATE",
                    "viewport" : {
                       "northeast" : {
                          "lat" : 11.7363275,
                          "lng" : 105.0446807
                       },
                       "southwest" : {
                          "lat" : 11.422401,
                          "lng" : 104.7127961
                       }
                    }
                 },
                 "partial_match" : true,
                 "types" : [ "locality", "political" ]
              }
           ],
           "status" : "OK"
        }
    http_version: 
  recorded_at: Sun, 01 Feb 2015 09:22:27 GMT
- request:
    method: get
    uri: http://maps.googleapis.com/maps/api/geocode/json?address=phnom%20penh,%20Cambodia&language=en&sensor=false
    body:
      encoding: US-ASCII
      string: ''
    headers:
      Accept-Encoding:
      - gzip;q=1.0,deflate;q=0.6,identity;q=0.3
      Accept:
      - "*/*"
      User-Agent:
      - Ruby
  response:
    status:
      code: 200
      message: OK
    headers:
      Content-Type:
      - application/json; charset=UTF-8
      Date:
      - Sun, 01 Feb 2015 09:22:41 GMT
      Expires:
      - Mon, 02 Feb 2015 09:22:41 GMT
      Cache-Control:
      - public, max-age=86400
      Access-Control-Allow-Origin:
      - "*"
      Server:
      - mafe
      X-Xss-Protection:
      - 1; mode=block
      X-Frame-Options:
      - SAMEORIGIN
      Alternate-Protocol:
      - 80:quic,p=0.02
      Accept-Ranges:
      - none
      Vary:
      - Accept-Encoding
      Transfer-Encoding:
      - chunked
    body:
      encoding: UTF-8
      string: |
        {
           "results" : [
              {
                 "address_components" : [
                    {
                       "long_name" : "Phnom Penh",
                       "short_name" : "PP",
                       "types" : [ "locality", "political" ]
                    },
                    {
                       "long_name" : "Phnom Penh",
                       "short_name" : "Phnom Penh",
                       "types" : [ "administrative_area_level_1", "political" ]
                    },
                    {
                       "long_name" : "Cambodia",
                       "short_name" : "KH",
                       "types" : [ "country", "political" ]
                    }
                 ],
                 "formatted_address" : "Phnom Penh, Cambodia",
                 "geometry" : {
                    "bounds" : {
                       "northeast" : {
                          "lat" : 11.7363275,
                          "lng" : 105.0446807
                       },
                       "southwest" : {
                          "lat" : 11.422401,
                          "lng" : 104.7127961
                       }
                    },
                    "location" : {
                       "lat" : 11.5448729,
                       "lng" : 104.8921668
                    },
                    "location_type" : "APPROXIMATE",
                    "viewport" : {
                       "northeast" : {
                          "lat" : 11.7363275,
                          "lng" : 105.0446807
                       },
                       "southwest" : {
                          "lat" : 11.422401,
                          "lng" : 104.7127961
                       }
                    }
                 },
                 "types" : [ "locality", "political" ]
              },
              {
                 "address_components" : [
                    {
                       "long_name" : "Phnom Penh",
                       "short_name" : "Phnom Penh",
                       "types" : [ "locality", "political" ]
                    },
                    {
                       "long_name" : "Veal Veaeng",
                       "short_name" : "Veal Veaeng",
                       "types" : [ "administrative_area_level_2", "political" ]
                    },
                    {
                       "long_name" : "Pursat",
                       "short_name" : "Pursat",
                       "types" : [ "administrative_area_level_1", "political" ]
                    },
                    {
                       "long_name" : "Cambodia",
                       "short_name" : "KH",
                       "types" : [ "country", "political" ]
                    }
                 ],
                 "formatted_address" : "Phnom Penh, Cambodia",
                 "geometry" : {
                    "bounds" : {
                       "northeast" : {
                          "lat" : 12.2851597,
                          "lng" : 103.0289268
                       },
                       "southwest" : {
                          "lat" : 12.2666247,
                          "lng" : 102.9997015
                       }
                    },
                    "location" : {
                       "lat" : 12.2765321,
                       "lng" : 103.0155323
                    },
                    "location_type" : "APPROXIMATE",
                    "viewport" : {
                       "northeast" : {
                          "lat" : 12.2851597,
                          "lng" : 103.0289268
                       },
                       "southwest" : {
                          "lat" : 12.2666247,
                          "lng" : 102.9997015
                       }
                    }
                 },
                 "types" : [ "locality", "political" ]
              }
           ],
           "status" : "OK"
        }
    http_version: 
  recorded_at: Sun, 01 Feb 2015 09:22:40 GMT
- request:
    method: get
    uri: http://maps.googleapis.com/maps/api/geocode/json?language=en&latlng=11.5448729,104.8921668&sensor=false
    body:
      encoding: US-ASCII
      string: ''
    headers:
      Accept-Encoding:
      - gzip;q=1.0,deflate;q=0.6,identity;q=0.3
      Accept:
      - "*/*"
      User-Agent:
      - Ruby
  response:
    status:
      code: 200
      message: OK
    headers:
      Content-Type:
      - application/json; charset=UTF-8
      Date:
      - Sun, 01 Feb 2015 09:22:41 GMT
      Expires:
      - Mon, 02 Feb 2015 09:22:41 GMT
      Cache-Control:
      - public, max-age=86400
      Access-Control-Allow-Origin:
      - "*"
      Server:
      - mafe
      X-Xss-Protection:
      - 1; mode=block
      X-Frame-Options:
      - SAMEORIGIN
      Alternate-Protocol:
      - 80:quic,p=0.02
      Accept-Ranges:
      - none
      Vary:
      - Accept-Encoding
      Transfer-Encoding:
      - chunked
    body:
      encoding: UTF-8
      string: |
        {
           "results" : [
              {
                 "address_components" : [
                    {
                       "long_name" : "33MC",
                       "short_name" : "33MC",
                       "types" : [ "route" ]
                    },
                    {
                       "long_name" : "Khan Mean Chey",
                       "short_name" : "Khan Mean Chey",
                       "types" : [ "sublocality_level_1", "sublocality", "political" ]
                    },
                    {
                       "long_name" : "Phnom Penh",
                       "short_name" : "PP",
                       "types" : [ "locality", "political" ]
                    },
                    {
                       "long_name" : "Russei Keo",
                       "short_name" : "Russei Keo",
                       "types" : [ "administrative_area_level_2", "political" ]
                    },
                    {
                       "long_name" : "Phnom Penh",
                       "short_name" : "Phnom Penh",
                       "types" : [ "administrative_area_level_1", "political" ]
                    },
                    {
                       "long_name" : "Cambodia",
                       "short_name" : "KH",
                       "types" : [ "country", "political" ]
                    }
                 ],
                 "formatted_address" : "33MC, Phnom Penh, Cambodia",
                 "geometry" : {
                    "bounds" : {
                       "northeast" : {
                          "lat" : 11.5459745,
                          "lng" : 104.8936281
                       },
                       "southwest" : {
                          "lat" : 11.5454331,
                          "lng" : 104.8935469
                       }
                    },
                    "location" : {
                       "lat" : 11.5457038,
                       "lng" : 104.8935875
                    },
                    "location_type" : "APPROXIMATE",
                    "viewport" : {
                       "northeast" : {
                          "lat" : 11.5470527802915,
                          "lng" : 104.8949364802915
                       },
                       "southwest" : {
                          "lat" : 11.5443548197085,
                          "lng" : 104.8922385197085
                       }
                    }
                 },
                 "types" : [ "route" ]
              },
              {
                 "address_components" : [
                    {
                       "long_name" : "Sangkat Stueng Mean Chey",
                       "short_name" : "Sangkat Stueng Mean Chey",
                       "types" : [ "neighborhood", "political" ]
                    },
                    {
                       "long_name" : "Khan Mean Chey",
                       "short_name" : "Khan Mean Chey",
                       "types" : [ "sublocality_level_1", "sublocality", "political" ]
                    },
                    {
                       "long_name" : "Phnom Penh",
                       "short_name" : "PP",
                       "types" : [ "locality", "political" ]
                    },
                    {
                       "long_name" : "Phnom Penh",
                       "short_name" : "Phnom Penh",
                       "types" : [ "administrative_area_level_1", "political" ]
                    },
                    {
                       "long_name" : "Cambodia",
                       "short_name" : "KH",
                       "types" : [ "country", "political" ]
                    }
                 ],
                 "formatted_address" : "Sangkat Stueng Mean Chey, Phnom Penh, Cambodia",
                 "geometry" : {
                    "bounds" : {
                       "northeast" : {
                          "lat" : 11.549599,
                          "lng" : 104.9015808
                       },
                       "southwest" : {
                          "lat" : 11.5217419,
                          "lng" : 104.8756599
                       }
                    },
                    "location" : {
                       "lat" : 11.5396478,
                       "lng" : 104.8863279
                    },
                    "location_type" : "APPROXIMATE",
                    "viewport" : {
                       "northeast" : {
                          "lat" : 11.549599,
                          "lng" : 104.9015808
                       },
                       "southwest" : {
                          "lat" : 11.5217419,
                          "lng" : 104.8756599
                       }
                    }
                 },
                 "types" : [ "neighborhood", "political" ]
              },
              {
                 "address_components" : [
                    {
                       "long_name" : "Khan Mean Chey",
                       "short_name" : "Khan Mean Chey",
                       "types" : [ "sublocality_level_1", "sublocality", "political" ]
                    },
                    {
                       "long_name" : "Phnom Penh",
                       "short_name" : "PP",
                       "types" : [ "locality", "political" ]
                    },
                    {
                       "long_name" : "Phnom Penh",
                       "short_name" : "Phnom Penh",
                       "types" : [ "administrative_area_level_1", "political" ]
                    },
                    {
                       "long_name" : "Cambodia",
                       "short_name" : "KH",
                       "types" : [ "country", "political" ]
                    }
                 ],
                 "formatted_address" : "Khan Mean Chey, Phnom Penh, Cambodia",
                 "geometry" : {
                    "bounds" : {
                       "northeast" : {
                          "lat" : 11.5496621,
                          "lng" : 104.9468349
                       },
                       "southwest" : {
                          "lat" : 11.4822956,
                          "lng" : 104.8615193
                       }
                    },
                    "location" : {
                       "lat" : 11.5344226,
                       "lng" : 104.8804893
                    },
                    "location_type" : "APPROXIMATE",
                    "viewport" : {
                       "northeast" : {
                          "lat" : 11.5496621,
                          "lng" : 104.9468349
                       },
                       "southwest" : {
                          "lat" : 11.4822956,
                          "lng" : 104.8615193
                       }
                    }
                 },
                 "types" : [ "sublocality_level_1", "sublocality", "political" ]
              },
              {
                 "address_components" : [
                    {
                       "long_name" : "Meanchey",
                       "short_name" : "Meanchey",
                       "types" : [ "administrative_area_level_2", "political" ]
                    },
                    {
                       "long_name" : "Phnom Penh",
                       "short_name" : "Phnom Penh",
                       "types" : [ "administrative_area_level_1", "political" ]
                    },
                    {
                       "long_name" : "Cambodia",
                       "short_name" : "KH",
                       "types" : [ "country", "political" ]
                    }
                 ],
                 "formatted_address" : "Meanchey, Cambodia",
                 "geometry" : {
                    "bounds" : {
                       "northeast" : {
                          "lat" : 11.5572807,
                          "lng" : 104.9687428
                       },
                       "southwest" : {
                          "lat" : 11.4778188,
                          "lng" : 104.8579112
                       }
                    },
                    "location" : {
                       "lat" : 11.530766,
                       "lng" : 104.9505671
                    },
                    "location_type" : "APPROXIMATE",
                    "viewport" : {
                       "northeast" : {
                          "lat" : 11.5572807,
                          "lng" : 104.9687428
                       },
                       "southwest" : {
                          "lat" : 11.4778188,
                          "lng" : 104.8579112
                       }
                    }
                 },
                 "types" : [ "administrative_area_level_2", "political" ]
              },
              {
                 "address_components" : [
                    {
                       "long_name" : "Phnom Penh",
                       "short_name" : "Phnom Penh",
                       "types" : [ "administrative_area_level_1", "political" ]
                    },
                    {
                       "long_name" : "Cambodia",
                       "short_name" : "KH",
                       "types" : [ "country", "political" ]
                    }
                 ],
                 "formatted_address" : "Phnom Penh, Cambodia",
                 "geometry" : {
                    "bounds" : {
                       "northeast" : {
                          "lat" : 11.682486,
                          "lng" : 104.968803
                       },
                       "southwest" : {
                          "lat" : 11.428726,
                          "lng" : 104.779653
                       }
                    },
                    "location" : {
                       "lat" : 11.5448729,
                       "lng" : 104.8921668
                    },
                    "location_type" : "APPROXIMATE",
                    "viewport" : {
                       "northeast" : {
                          "lat" : 11.682486,
                          "lng" : 104.968803
                       },
                       "southwest" : {
                          "lat" : 11.428726,
                          "lng" : 104.779653
                       }
                    }
                 },
                 "types" : [ "administrative_area_level_1", "political" ]
              },
              {
                 "address_components" : [
                    {
                       "long_name" : "Phnom Penh",
                       "short_name" : "PP",
                       "types" : [ "locality", "political" ]
                    },
                    {
                       "long_name" : "Phnom Penh",
                       "short_name" : "Phnom Penh",
                       "types" : [ "administrative_area_level_1", "political" ]
                    },
                    {
                       "long_name" : "Cambodia",
                       "short_name" : "KH",
                       "types" : [ "country", "political" ]
                    }
                 ],
                 "formatted_address" : "Phnom Penh, Cambodia",
                 "geometry" : {
                    "bounds" : {
                       "northeast" : {
                          "lat" : 11.7363275,
                          "lng" : 105.0446807
                       },
                       "southwest" : {
                          "lat" : 11.422401,
                          "lng" : 104.7127961
                       }
                    },
                    "location" : {
                       "lat" : 11.5448729,
                       "lng" : 104.8921668
                    },
                    "location_type" : "APPROXIMATE",
                    "viewport" : {
                       "northeast" : {
                          "lat" : 11.7363275,
                          "lng" : 105.0446807
                       },
                       "southwest" : {
                          "lat" : 11.422401,
                          "lng" : 104.7127961
                       }
                    }
                 },
                 "types" : [ "locality", "political" ]
              },
              {
                 "address_components" : [
                    {
                       "long_name" : "Cambodia",
                       "short_name" : "KH",
                       "types" : [ "country", "political" ]
                    }
                 ],
                 "formatted_address" : "Cambodia",
                 "geometry" : {
                    "bounds" : {
                       "northeast" : {
                          "lat" : 14.690179,
                          "lng" : 107.627687
                       },
                       "southwest" : {
                          "lat" : 9.2857541,
                          "lng" : 102.333542
                       }
                    },
                    "location" : {
                       "lat" : 12.565679,
                       "lng" : 104.990963
                    },
                    "location_type" : "APPROXIMATE",
                    "viewport" : {
                       "northeast" : {
                          "lat" : 14.690179,
                          "lng" : 107.627687
                       },
                       "southwest" : {
                          "lat" : 9.2857541,
                          "lng" : 102.333542
                       }
                    }
                 },
                 "types" : [ "country", "political" ]
              }
           ],
           "status" : "OK"
        }
    http_version: 
  recorded_at: Sun, 01 Feb 2015 09:22:40 GMT
recorded_with: VCR 2.9.3
