---
http_interactions:
- request:
    method: get
    uri: http://maps.googleapis.com/maps/api/geocode/json?address=stueng+traeng%2C+Cambodia&language=en&sensor=false
    body:
      encoding: UTF-8
      string: ''
    headers:
      accept-encoding:
      - gzip;q=1.0,deflate;q=0.6,identity;q=0.3
      accept:
      - "*/*"
      user-agent:
      - Ruby
      connection:
      - close
  response:
    status:
      code: 200
      message: OK
    headers:
      content-type:
      - application/json; charset=UTF-8
      date:
      - Mon, 12 Dec 2011 17:01:34 GMT
      expires:
      - Tue, 13 Dec 2011 17:01:34 GMT
      cache-control:
      - public, max-age=86400
      server:
      - mafe
      x-xss-protection:
      - 1; mode=block
      x-frame-options:
      - SAMEORIGIN
      connection:
      - close
    body:
      encoding: UTF-8
      string: |
        {
           "results" : [
              {
                 "address_components" : [
                    {
                       "long_name" : "Stung Treng",
                       "short_name" : "Stung Treng",
                       "types" : [ "administrative_area_level_2", "political" ]
                    },
                    {
                       "long_name" : "Stung Treng",
                       "short_name" : "Stung Treng",
                       "types" : [ "administrative_area_level_1", "political" ]
                    },
                    {
                       "long_name" : "Cambodia",
                       "short_name" : "KH",
                       "types" : [ "country", "political" ]
                    }
                 ],
                 "formatted_address" : "Stung Treng, Cambodia",
                 "geometry" : {
                    "bounds" : {
                       "northeast" : {
                          "lat" : 13.93106820,
                          "lng" : 106.22749330
                       },
                       "southwest" : {
                          "lat" : 13.38828360,
                          "lng" : 105.91197970
                       }
                    },
                    "location" : {
                       "lat" : 13.79164340,
                       "lng" : 106.11105010
                    },
                    "location_type" : "APPROXIMATE",
                    "viewport" : {
                       "northeast" : {
                          "lat" : 13.96495950,
                          "lng" : 106.36716890
                       },
                       "southwest" : {
                          "lat" : 13.61819850,
                          "lng" : 105.85493130
                       }
                    }
                 },
                 "types" : [ "administrative_area_level_2", "political" ]
              }
           ],
           "status" : "OK"
        }
    http_version: '1.1'
  recorded_at: Mon, 12 Dec 2011 17:01:34 GMT
- request:
    method: get
    uri: http://maps.googleapis.com/maps/api/geocode/json?language=en&latlng=13.7916434%2C106.1110501&sensor=false
    body:
      encoding: UTF-8
      string: ''
    headers:
      accept-encoding:
      - gzip;q=1.0,deflate;q=0.6,identity;q=0.3
      accept:
      - "*/*"
      user-agent:
      - Ruby
      connection:
      - close
  response:
    status:
      code: 200
      message: OK
    headers:
      content-type:
      - application/json; charset=UTF-8
      date:
      - Mon, 12 Dec 2011 17:01:34 GMT
      expires:
      - Tue, 13 Dec 2011 17:01:34 GMT
      cache-control:
      - public, max-age=86400
      server:
      - mafe
      x-xss-protection:
      - 1; mode=block
      x-frame-options:
      - SAMEORIGIN
      connection:
      - close
    body:
      encoding: UTF-8
      string: |
        {
           "results" : [
              {
                 "address_components" : [
                    {
                       "long_name" : "National Highway 7",
                       "short_name" : "NH 7",
                       "types" : [ "route" ]
                    },
                    {
                       "long_name" : "Stung Treng",
                       "short_name" : "Stung Treng",
                       "types" : [ "administrative_area_level_2", "political" ]
                    },
                    {
                       "long_name" : "Stung Treng",
                       "short_name" : "Stung Treng",
                       "types" : [ "administrative_area_level_1", "political" ]
                    },
                    {
                       "long_name" : "Cambodia",
                       "short_name" : "KH",
                       "types" : [ "country", "political" ]
                    }
                 ],
                 "formatted_address" : "National Highway 7, Cambodia",
                 "geometry" : {
                    "bounds" : {
                       "northeast" : {
                          "lat" : 13.80112010,
                          "lng" : 106.10096130
                       },
                       "southwest" : {
                          "lat" : 13.79484290,
                          "lng" : 106.097890
                       }
                    },
                    "location" : {
                       "lat" : 13.79765790,
                       "lng" : 106.10015210
                    },
                    "location_type" : "APPROXIMATE",
                    "viewport" : {
                       "northeast" : {
                          "lat" : 13.80112010,
                          "lng" : 106.10096130
                       },
                       "southwest" : {
                          "lat" : 13.79484290,
                          "lng" : 106.097890
                       }
                    }
                 },
                 "types" : [ "route" ]
              },
              {
                 "address_components" : [
                    {
                       "long_name" : "Stung Treng",
                       "short_name" : "Stung Treng",
                       "types" : [ "administrative_area_level_2", "political" ]
                    },
                    {
                       "long_name" : "Stung Treng",
                       "short_name" : "Stung Treng",
                       "types" : [ "administrative_area_level_1", "political" ]
                    },
                    {
                       "long_name" : "Cambodia",
                       "short_name" : "KH",
                       "types" : [ "country", "political" ]
                    }
                 ],
                 "formatted_address" : "Stung Treng, Cambodia",
                 "geometry" : {
                    "bounds" : {
                       "northeast" : {
                          "lat" : 13.93106820,
                          "lng" : 106.22749330
                       },
                       "southwest" : {
                          "lat" : 13.38828360,
                          "lng" : 105.91197970
                       }
                    },
                    "location" : {
                       "lat" : 13.79164340,
                       "lng" : 106.11105010
                    },
                    "location_type" : "APPROXIMATE",
                    "viewport" : {
                       "northeast" : {
                          "lat" : 13.93106820,
                          "lng" : 106.22749330
                       },
                       "southwest" : {
                          "lat" : 13.38828360,
                          "lng" : 105.91197970
                       }
                    }
                 },
                 "types" : [ "administrative_area_level_2", "political" ]
              },
              {
                 "address_components" : [
                    {
                       "long_name" : "Stung Treng",
                       "short_name" : "Stung Treng",
                       "types" : [ "administrative_area_level_1", "political" ]
                    },
                    {
                       "long_name" : "Cambodia",
                       "short_name" : "KH",
                       "types" : [ "country", "political" ]
                    }
                 ],
                 "formatted_address" : "Stung Treng, Cambodia",
                 "geometry" : {
                    "bounds" : {
                       "northeast" : {
                          "lat" : 14.5876190,
                          "lng" : 106.6629030
                       },
                       "southwest" : {
                          "lat" : 13.1084770,
                          "lng" : 105.5211770
                       }
                    },
                    "location" : {
                       "lat" : 13.5764730,
                       "lng" : 105.96998780
                    },
                    "location_type" : "APPROXIMATE",
                    "viewport" : {
                       "northeast" : {
                          "lat" : 14.5876190,
                          "lng" : 106.6629030
                       },
                       "southwest" : {
                          "lat" : 13.1084770,
                          "lng" : 105.5211770
                       }
                    }
                 },
                 "types" : [ "administrative_area_level_1", "political" ]
              },
              {
                 "address_components" : [
                    {
                       "long_name" : "Cambodia",
                       "short_name" : "KH",
                       "types" : [ "country", "political" ]
                    }
                 ],
                 "formatted_address" : "Cambodia",
                 "geometry" : {
                    "bounds" : {
                       "northeast" : {
                          "lat" : 14.6901790,
                          "lng" : 107.6276870
                       },
                       "southwest" : {
                          "lat" : 9.283249899999999,
                          "lng" : 102.3335420
                       }
                    },
                    "location" : {
                       "lat" : 12.5656790,
                       "lng" : 104.9909630
                    },
                    "location_type" : "APPROXIMATE",
                    "viewport" : {
                       "northeast" : {
                          "lat" : 14.6901790,
                          "lng" : 107.6276870
                       },
                       "southwest" : {
                          "lat" : 9.283249899999999,
                          "lng" : 102.3335420
                       }
                    }
                 },
                 "types" : [ "country", "political" ]
              }
           ],
           "status" : "OK"
        }
    http_version: '1.1'
  recorded_at: Mon, 12 Dec 2011 17:01:35 GMT
- request:
    method: get
    uri: http://maps.googleapis.com/maps/api/geocode/json?address=stueng%20traeng,%20Cambodia&language=en&sensor=false
    body:
      encoding: US-ASCII
      string: ''
    headers:
      Accept-Encoding:
      - gzip;q=1.0,deflate;q=0.6,identity;q=0.3
      Accept:
      - "*/*"
      User-Agent:
      - Ruby
  response:
    status:
      code: 200
      message: OK
    headers:
      Content-Type:
      - application/json; charset=UTF-8
      Date:
      - Sun, 01 Feb 2015 09:03:38 GMT
      Expires:
      - Mon, 02 Feb 2015 09:03:38 GMT
      Cache-Control:
      - public, max-age=86400
      Access-Control-Allow-Origin:
      - "*"
      Server:
      - mafe
      X-Xss-Protection:
      - 1; mode=block
      X-Frame-Options:
      - SAMEORIGIN
      Alternate-Protocol:
      - 80:quic,p=0.02
      Accept-Ranges:
      - none
      Vary:
      - Accept-Encoding
      Transfer-Encoding:
      - chunked
    body:
      encoding: UTF-8
      string: |
        {
           "results" : [
              {
                 "address_components" : [
                    {
                       "long_name" : "Stung Treng",
                       "short_name" : "Stung Treng",
                       "types" : [ "administrative_area_level_1", "political" ]
                    },
                    {
                       "long_name" : "Cambodia",
                       "short_name" : "KH",
                       "types" : [ "country", "political" ]
                    }
                 ],
                 "formatted_address" : "Stung Treng, Cambodia",
                 "geometry" : {
                    "bounds" : {
                       "northeast" : {
                          "lat" : 14.587619,
                          "lng" : 106.6629029
                       },
                       "southwest" : {
                          "lat" : 13.108477,
                          "lng" : 105.521177
                       }
                    },
                    "location" : {
                       "lat" : 13.576473,
                       "lng" : 105.9699878
                    },
                    "location_type" : "APPROXIMATE",
                    "viewport" : {
                       "northeast" : {
                          "lat" : 14.587619,
                          "lng" : 106.6629029
                       },
                       "southwest" : {
                          "lat" : 13.108477,
                          "lng" : 105.521177
                       }
                    }
                 },
                 "types" : [ "administrative_area_level_1", "political" ]
              }
           ],
           "status" : "OK"
        }
    http_version: 
  recorded_at: Sun, 01 Feb 2015 09:03:38 GMT
- request:
    method: get
    uri: http://maps.googleapis.com/maps/api/geocode/json?language=en&latlng=13.576473,105.9699878&sensor=false
    body:
      encoding: US-ASCII
      string: ''
    headers:
      Accept-Encoding:
      - gzip;q=1.0,deflate;q=0.6,identity;q=0.3
      Accept:
      - "*/*"
      User-Agent:
      - Ruby
  response:
    status:
      code: 200
      message: OK
    headers:
      Content-Type:
      - application/json; charset=UTF-8
      Date:
      - Sun, 01 Feb 2015 09:03:38 GMT
      Expires:
      - Mon, 02 Feb 2015 09:03:38 GMT
      Cache-Control:
      - public, max-age=86400
      Access-Control-Allow-Origin:
      - "*"
      Server:
      - mafe
      X-Xss-Protection:
      - 1; mode=block
      X-Frame-Options:
      - SAMEORIGIN
      Alternate-Protocol:
      - 80:quic,p=0.02
      Accept-Ranges:
      - none
      Vary:
      - Accept-Encoding
      Transfer-Encoding:
      - chunked
    body:
      encoding: UTF-8
      string: |
        {
           "results" : [
              {
                 "address_components" : [
                    {
                       "long_name" : "National Highway 7",
                       "short_name" : "NH7",
                       "types" : [ "route" ]
                    },
                    {
                       "long_name" : "Krong Stung Treng",
                       "short_name" : "Krong Stung Treng",
                       "types" : [ "locality", "political" ]
                    },
                    {
                       "long_name" : "Stung Treng",
                       "short_name" : "Stung Treng",
                       "types" : [ "administrative_area_level_2", "political" ]
                    },
                    {
                       "long_name" : "Stung Treng",
                       "short_name" : "Stung Treng",
                       "types" : [ "administrative_area_level_1", "political" ]
                    },
                    {
                       "long_name" : "Cambodia",
                       "short_name" : "KH",
                       "types" : [ "country", "political" ]
                    }
                 ],
                 "formatted_address" : "National Highway 7, Krong Stung Treng, Cambodia",
                 "geometry" : {
                    "bounds" : {
                       "northeast" : {
                          "lat" : 13.5511644,
                          "lng" : 105.9834981
                       },
                       "southwest" : {
                          "lat" : 13.5511183,
                          "lng" : 105.9834171
                       }
                    },
                    "location" : {
                       "lat" : 13.5511414,
                       "lng" : 105.9834576
                    },
                    "location_type" : "APPROXIMATE",
                    "viewport" : {
                       "northeast" : {
                          "lat" : 13.5524903302915,
                          "lng" : 105.9848065802915
                       },
                       "southwest" : {
                          "lat" : 13.5497923697085,
                          "lng" : 105.9821086197085
                       }
                    }
                 },
                 "types" : [ "route" ]
              },
              {
                 "address_components" : [
                    {
                       "long_name" : "Thala Barivat",
                       "short_name" : "Thala Barivat",
                       "types" : [ "administrative_area_level_3", "political" ]
                    },
                    {
                       "long_name" : "Thala Barivat",
                       "short_name" : "Thala Barivat",
                       "types" : [ "administrative_area_level_2", "political" ]
                    },
                    {
                       "long_name" : "Stung Treng",
                       "short_name" : "Stung Treng",
                       "types" : [ "administrative_area_level_1", "political" ]
                    },
                    {
                       "long_name" : "Cambodia",
                       "short_name" : "KH",
                       "types" : [ "country", "political" ]
                    }
                 ],
                 "formatted_address" : "Thala Barivat, Cambodia",
                 "geometry" : {
                    "bounds" : {
                       "northeast" : {
                          "lat" : 13.6388136,
                          "lng" : 106.0098268
                       },
                       "southwest" : {
                          "lat" : 13.5255151,
                          "lng" : 105.8603955
                       }
                    },
                    "location" : {
                       "lat" : 13.5675529,
                       "lng" : 105.9347384
                    },
                    "location_type" : "APPROXIMATE",
                    "viewport" : {
                       "northeast" : {
                          "lat" : 13.6388136,
                          "lng" : 106.0098268
                       },
                       "southwest" : {
                          "lat" : 13.5255151,
                          "lng" : 105.8603955
                       }
                    }
                 },
                 "types" : [ "administrative_area_level_3", "political" ]
              },
              {
                 "address_components" : [
                    {
                       "long_name" : "Thala Barivat",
                       "short_name" : "Thala Barivat",
                       "types" : [ "administrative_area_level_2", "political" ]
                    },
                    {
                       "long_name" : "Stung Treng",
                       "short_name" : "Stung Treng",
                       "types" : [ "administrative_area_level_1", "political" ]
                    },
                    {
                       "long_name" : "Cambodia",
                       "short_name" : "KH",
                       "types" : [ "country", "political" ]
                    }
                 ],
                 "formatted_address" : "Thala Barivat, Cambodia",
                 "geometry" : {
                    "bounds" : {
                       "northeast" : {
                          "lat" : 13.9503943,
                          "lng" : 106.0359192
                       },
                       "southwest" : {
                          "lat" : 13.310451,
                          "lng" : 105.5212785
                       }
                    },
                    "location" : {
                       "lat" : 13.6724073,
                       "lng" : 105.876004
                    },
                    "location_type" : "APPROXIMATE",
                    "viewport" : {
                       "northeast" : {
                          "lat" : 13.9503943,
                          "lng" : 106.0359192
                       },
                       "southwest" : {
                          "lat" : 13.310451,
                          "lng" : 105.5212785
                       }
                    }
                 },
                 "types" : [ "administrative_area_level_2", "political" ]
              },
              {
                 "address_components" : [
                    {
                       "long_name" : "Stung Treng",
                       "short_name" : "Stung Treng",
                       "types" : [ "administrative_area_level_1", "political" ]
                    },
                    {
                       "long_name" : "Cambodia",
                       "short_name" : "KH",
                       "types" : [ "country", "political" ]
                    }
                 ],
                 "formatted_address" : "Stung Treng, Cambodia",
                 "geometry" : {
                    "bounds" : {
                       "northeast" : {
                          "lat" : 14.587619,
                          "lng" : 106.6629029
                       },
                       "southwest" : {
                          "lat" : 13.108477,
                          "lng" : 105.521177
                       }
                    },
                    "location" : {
                       "lat" : 13.576473,
                       "lng" : 105.9699878
                    },
                    "location_type" : "APPROXIMATE",
                    "viewport" : {
                       "northeast" : {
                          "lat" : 14.587619,
                          "lng" : 106.6629029
                       },
                       "southwest" : {
                          "lat" : 13.108477,
                          "lng" : 105.521177
                       }
                    }
                 },
                 "types" : [ "administrative_area_level_1", "political" ]
              },
              {
                 "address_components" : [
                    {
                       "long_name" : "Cambodia",
                       "short_name" : "KH",
                       "types" : [ "country", "political" ]
                    }
                 ],
                 "formatted_address" : "Cambodia",
                 "geometry" : {
                    "bounds" : {
                       "northeast" : {
                          "lat" : 14.690179,
                          "lng" : 107.627687
                       },
                       "southwest" : {
                          "lat" : 9.2857541,
                          "lng" : 102.333542
                       }
                    },
                    "location" : {
                       "lat" : 12.565679,
                       "lng" : 104.990963
                    },
                    "location_type" : "APPROXIMATE",
                    "viewport" : {
                       "northeast" : {
                          "lat" : 14.690179,
                          "lng" : 107.627687
                       },
                       "southwest" : {
                          "lat" : 9.2857541,
                          "lng" : 102.333542
                       }
                    }
                 },
                 "types" : [ "country", "political" ]
              }
           ],
           "status" : "OK"
        }
    http_version: 
  recorded_at: Sun, 01 Feb 2015 09:03:38 GMT
recorded_with: VCR 2.9.3
